../Core/Src/main.c:97:5:main	56	static,ignoring_inline_asm
../Core/Src/main.c:446:6:SystemClock_Config	88	static
../Core/Src/main.c:492:13:MX_ADC1_Init	48	static
../Core/Src/main.c:575:13:MX_TIM1_Init	56	static
../Core/Src/main.c:629:13:MX_USART1_UART_Init	8	static
../Core/Src/main.c:677:13:MX_IWDG_Init	8	static
../Core/Src/main.c:700:13:MX_DMA_Init	16	static
../Core/Src/main.c:721:13:MX_GPIO_Init	48	static
../Core/Src/main.c:777:6:LED_Control	48	static
../Core/Src/main.c:805:6:HAL_TIM_PeriodElapsedCallback	16	static
../Core/Src/main.c:819:6:Error_Handler	24	static,ignoring_inline_asm
