../Core/Src/main.c:91:5:main	48	static,ignoring_inline_asm
../Core/Src/main.c:303:6:SystemClock_Config	88	static
../Core/Src/main.c:349:13:MX_ADC1_Init	48	static
../Core/Src/main.c:432:13:MX_TIM1_Init	56	static
../Core/Src/main.c:486:13:MX_USART1_UART_Init	8	static
../Core/Src/main.c:534:13:MX_IWDG_Init	8	static
../Core/Src/main.c:557:13:MX_DMA_Init	16	static
../Core/Src/main.c:578:13:MX_GPIO_Init	48	static
../Core/Src/main.c:613:6:LED_Control	48	static
../Core/Src/main.c:641:6:HAL_TIM_PeriodElapsedCallback	16	static
../Core/Src/main.c:655:6:Error_Handler	24	static,ignoring_inline_asm
