../Core/Src/main.c:91:5:main	64	static,ignoring_inline_asm
../Core/Src/main.c:328:6:SystemClock_Config	88	static
../Core/Src/main.c:374:13:MX_ADC1_Init	48	static
../Core/Src/main.c:457:13:MX_TIM1_Init	56	static
../Core/Src/main.c:511:13:MX_USART1_UART_Init	8	static
../Core/Src/main.c:559:13:MX_IWDG_Init	8	static
../Core/Src/main.c:582:13:MX_DMA_Init	16	static
../Core/Src/main.c:603:13:MX_GPIO_Init	48	static
../Core/Src/main.c:642:6:LED_Control	48	static
../Core/Src/main.c:670:6:HAL_TIM_PeriodElapsedCallback	16	static
../Core/Src/main.c:684:6:Error_Handler	24	static,ignoring_inline_asm
